ARM Linker, 4.1 [Build 481] [Standard]

==============================================================================

Section Cross References

    stm32f10x_gpio.o(.text) refers to stm32f10x_rcc.o(.text) for RCC_APB2PeriphResetCmd
    stm32f10x_i2c.o(.text) refers to stm32f10x_rcc.o(.text) for RCC_APB1PeriphResetCmd
    stm32f10x_rcc.o(.text) refers to stm32f10x_rcc.o(.data) for APBAHBPrescTable
    stm32f10x_tim.o(.text) refers to stm32f10x_rcc.o(.text) for RCC_APB2PeriphResetCmd
    stm32f10x_usart.o(.text) refers to stm32f10x_rcc.o(.text) for RCC_APB2PeriphResetCmd
    stm32f10x_adc.o(.text) refers to stm32f10x_rcc.o(.text) for RCC_APB2PeriphResetCmd
    system_stm32f10x.o(.text) refers to system_stm32f10x.o(.data) for SystemCoreClock
    main.o(.text) refers to adc.o(.text) for GetBatVol
    main.o(.text) refers to communicate.o(.text) for ResponseStatus
    main.o(.text) refers to stm32f10x_gpio.o(.text) for GPIO_ResetBits
    main.o(.text) refers to led.o(.text) for LED_GPIO_Config
    main.o(.text) refers to usart.o(.text) for USART1_Config
    main.o(.text) refers to upstandingcar.o(.text) for delay_nms
    main.o(.text) refers to common.o(.text) for SetBlueToothName
    main.o(.text) refers to motor.o(.text) for TIM2_PWM_Init
    main.o(.text) refers to i2c.o(.text) for i2cInit
    main.o(.text) refers to mpu6050.o(.text) for MPU6050_Init
    main.o(.text) refers to dataflash.o(.text) for PIDInit
    main.o(.text) refers to systick.o(.text) for SysTick_Init
    main.o(.text) refers to systick.o(.bss) for SoftTimer
    main.o(.text) refers to main.o(.data) for RunTime
    main.o(.text) refers to communicate.o(.data) for StatusFlag
    main.o(.text) refers to usart.o(.bss) for Uart3Buffer
    stm32f10x_it.o(.text) refers to systick.o(.text) for SoftTimerCountDown
    stm32f10x_it.o(.text) refers to upstandingcar.o(.text) for SpeedControlOutput
    stm32f10x_it.o(.text) refers to mpu6050.o(.text) for MPU6050_Pose
    stm32f10x_it.o(.text) refers to stm32f10x_usart.o(.text) for USART_GetITStatus
    stm32f10x_it.o(.text) refers to upstandingcar.o(.data) for g_u8MainEventCount
    stm32f10x_it.o(.text) refers to usart.o(.data) for Uart3Index
    stm32f10x_it.o(.text) refers to usart.o(.bss) for Uart3Buffer
    led.o(.text) refers to stm32f10x_rcc.o(.text) for RCC_APB2PeriphClockCmd
    led.o(.text) refers to stm32f10x_gpio.o(.text) for GPIO_PinRemapConfig
    usart.o(.text) refers to stm32f10x_rcc.o(.text) for RCC_APB2PeriphClockCmd
    usart.o(.text) refers to stm32f10x_gpio.o(.text) for GPIO_Init
    usart.o(.text) refers to stm32f10x_usart.o(.text) for USART_Init
    usart.o(.text) refers to misc.o(.text) for NVIC_PriorityGroupConfig
    usart.o(.text) refers to strlen.o(.text) for strlen
    i2c_mpu6050.o(.text) refers to stm32f10x_rcc.o(.text) for RCC_APB1PeriphClockCmd
    i2c_mpu6050.o(.text) refers to stm32f10x_gpio.o(.text) for GPIO_Init
    i2c_mpu6050.o(.text) refers to stm32f10x_i2c.o(.text) for I2C_Cmd
    i2c_mpu6050.o(.text) refers to upstandingcar.o(.text) for delay_nms
    motor.o(.text) refers to stm32f10x_rcc.o(.text) for RCC_APB2PeriphClockCmd
    motor.o(.text) refers to stm32f10x_gpio.o(.text) for GPIO_Init
    motor.o(.text) refers to stm32f10x_tim.o(.text) for TIM_TimeBaseInit
    systick.o(.text) refers to systick.o(.bss) for SoftTimer
    systick.o(.text) refers to system_stm32f10x.o(.data) for SystemCoreClock
    systick.o(.text) refers to systick.o(.data) for TimingDelay
    upstandingcar.o(.text) refers to fadd.o(.text) for __aeabi_fsub
    upstandingcar.o(.text) refers to fdiv.o(.text) for __aeabi_fdiv
    upstandingcar.o(.text) refers to fflti.o(.text) for __aeabi_i2f
    upstandingcar.o(.text) refers to fmul.o(.text) for __aeabi_fmul
    upstandingcar.o(.text) refers to stm32f10x_gpio.o(.text) for GPIO_SetBits
    upstandingcar.o(.text) refers to stm32f10x_tim.o(.text) for TIM_SetCompare3
    upstandingcar.o(.text) refers to cfrcmple.o(.text) for __aeabi_cfrcmple
    upstandingcar.o(.text) refers to cfcmple.o(.text) for __aeabi_cfcmple
    upstandingcar.o(.text) refers to ffixi.o(.text) for __aeabi_f2iz
    upstandingcar.o(.text) refers to dflti.o(.text) for __aeabi_i2d
    upstandingcar.o(.text) refers to dmul.o(.text) for __aeabi_dmul
    upstandingcar.o(.text) refers to d2f.o(.text) for __aeabi_d2f
    upstandingcar.o(.text) refers to f2d.o(.text) for __aeabi_f2d
    upstandingcar.o(.text) refers to dadd.o(.text) for __aeabi_dadd
    upstandingcar.o(.text) refers to upstandingcar.o(.data) for g_s16RightMotorPulse
    upstandingcar.o(.text) refers to mpu6050.o(.data) for Roll
    upstandingcar.o(.text) refers to communicate.o(.data) for sppData2
    outputdata.o(.text) refers to ffixi.o(.text) for __aeabi_f2iz
    outputdata.o(.text) refers to usart.o(.text) for Uart1SendByte
    outputdata.o(.text) refers to outputdata.o(.bss) for OutData
    mpu6050.o(.text) refers to inv_mpu.o(.text) for mpu_init
    mpu6050.o(.text) refers to usart.o(.text) for Uart1SendStr
[...]
    .text                                    0x08003c44   Section        0  i2c.o(.text)
    I2C_delay                                0x08003c45   Thumb Code    12  i2c.o(.text)
    I2C_Start                                0x08003c51   Thumb Code    90  i2c.o(.text)
    I2C_Stop                                 0x08003cab   Thumb Code    56  i2c.o(.text)
    I2C_Ack                                  0x08003ce3   Thumb Code    56  i2c.o(.text)
    I2C_NoAck                                0x08003d1b   Thumb Code    56  i2c.o(.text)
    I2C_WaitAck                              0x08003d53   Thumb Code    80  i2c.o(.text)
    I2C_SendByte                             0x08003da3   Thumb Code    84  i2c.o(.text)
    I2C_ReceiveByte                          0x08003df7   Thumb Code    80  i2c.o(.text)
    .text                                    0x08003ff4   Section        0  delay.o(.text)
    .text                                    0x08004028   Section        0  adc.o(.text)
    .text                                    0x08004104   Section        0  communicate.o(.text)
    .text                                    0x080045ac   Section        0  dataflash.o(.text)
    .text                                    0x08004754   Section        0  common.o(.text)
    .text                                    0x08004818   Section       36  startup_stm32f10x_md.o(.text)
    .text                                    0x0800483c   Section        0  inv_mpu.o(.text)
    set_int_enable                           0x0800483d   Thumb Code   138  inv_mpu.o(.text)
    get_accel_prod_shift                     0x08005a97   Thumb Code   168  inv_mpu.o(.text)
    accel_self_test                          0x08005b3f   Thumb Code   160  inv_mpu.o(.text)
    gyro_self_test                           0x08005bdf   Thumb Code   274  inv_mpu.o(.text)
    get_st_biases                            0x08005cf1   Thumb Code  1180  inv_mpu.o(.text)
    .text                                    0x08006700   Section        0  inv_mpu_dmp_motion_driver.o(.text)
    decode_gesture                           0x080071e1   Thumb Code    94  inv_mpu_dmp_motion_driver.o(.text)
    inv_row_2_scale                          0x08007495   Thumb Code    78  inv_mpu_dmp_motion_driver.o(.text)
    .text                                    0x080075f4   Section        0  ldiv.o(.text)
    .text                                    0x0800764e   Section        0  llshl.o(.text)
    .text                                    0x0800766c   Section        0  llsshr.o(.text)
    .text                                    0x08007690   Section        0  memseta.o(.text)
    .text                                    0x080076b6   Section        0  strstr.o(.text)
    .text                                    0x080076e2   Section        0  strlen.o(.text)
    .text                                    0x080076f2   Section        0  memcmp.o(.text)
    .text                                    0x0800770c   Section        0  strtok.o(.text)
    .text                                    0x08007750   Section        0  fadd.o(.text)
    .text                                    0x08007800   Section        0  fmul.o(.text)
    .text                                    0x0800786c   Section        0  fdiv.o(.text)
    .text                                    0x080078ec   Section        0  dadd.o(.text)
    .text                                    0x08007a36   Section        0  dmul.o(.text)
    .text                                    0x08007b18   Section        0  fflti.o(.text)
    .text                                    0x08007b2a   Section        0  ffltui.o(.text)
    .text                                    0x08007b34   Section        0  dflti.o(.text)
    .text                                    0x08007b56   Section        0  dfltui.o(.text)
    .text                                    0x08007b70   Section        0  ffixi.o(.text)
    .text                                    0x08007ba2   Section        0  ffixui.o(.text)
    .text                                    0x08007bca   Section        0  dfixui.o(.text)
    .text                                    0x08007bf8   Section        0  f2d.o(.text)
    .text                                    0x08007c24   Section        0  d2f.o(.text)
    .text                                    0x08007c5c   Section       20  cfcmple.o(.text)
    .text                                    0x08007c70   Section       20  cfrcmple.o(.text)
    .text                                    0x08007c84   Section        0  uidiv.o(.text)
    .text                                    0x08007cb0   Section        0  uldiv.o(.text)
    .text                                    0x08007d16   Section        0  llushr.o(.text)
    .text                                    0x08007d38   Section        0  strtod.o(.text)
    _local_sscanf                            0x08007d39   Thumb Code    54  strtod.o(.text)
    .text                                    0x08007dd0   Section        0  fepilogue.o(.text)
    .text                                    0x08007dd0   Section        0  iusefp.o(.text)
    .text                                    0x08007e40   Section        0  depilogue.o(.text)
    .text                                    0x08007f02   Section        0  ddiv.o(.text)
    .text                                    0x08007fe0   Section        0  dscalb.o(.text)
    .text                                    0x0800800e   Section        0  dfixul.o(.text)
    .text                                    0x08008040   Section       40  cdrcmple.o(.text)
    .text                                    0x08008068   Section       36  init.o(.text)
    .text                                    0x0800808c   Section        0  isspace_c.o(.text)
    .text                                    0x08008098   Section        0  scanf_fp.o(.text)
    _fp_value                                0x08008099   Thumb Code   272  scanf_fp.o(.text)
    .text                                    0x080083ec   Section        0  _sgetc.o(.text)
    .text                                    0x0800842c   Section        0  dsqrt.o(.text)
    .text                                    0x080084cc   Section        0  ctype_c.o(.text)
    .text                                    0x080084f4   Section        0  dfltul.o(.text)
    i.__0sprintf                             0x0800850c   Section        0  printfa.o(i.__0sprintf)
    i.__ARM_fpclassify                       0x08008534   Section        0  fpclassify.o(i.__ARM_fpclassify)
    i.__kernel_poly                          0x0800855c   Section        0  poly.o(i.__kernel_poly)
    i.__mathlib_dbl_underflow                0x08008608   Section        0  dunder.o(i.__mathlib_dbl_underflow)
    i.__read_errno                           0x08008618   Section        0  errno.o(i.__read_errno)
    i.__scatterload_copy                     0x08008624   Section       14  handlers.o(i.__scatterload_copy)
    i.__scatterload_null                     0x08008632   Section        2  handlers.o(i.__scatterload_null)
    i.__scatterload_zeroinit                 0x08008634   Section       14  handlers.o(i.__scatterload_zeroinit)
    i.__set_errno                            0x08008644   Section        0  errno.o(i.__set_errno)
    i._fp_digits                             0x08008650   Section        0  printfa.o(i._fp_digits)
    _fp_digits                               0x08008651   Thumb Code   318  printfa.o(i._fp_digits)
    i._printf_core                           0x080087a4   Section        0  printfa.o(i._printf_core)
    _printf_core                             0x080087a5   Thumb Code  1734  printfa.o(i._printf_core)
    i._printf_post_padding                   0x08008e78   Section        0  printfa.o(i._printf_post_padding)
    _printf_post_padding                     0x08008e79   Thumb Code    38  printfa.o(i._printf_post_padding)
    i._printf_pre_padding                    0x08008e9e   Section        0  printfa.o(i._printf_pre_padding)
    _printf_pre_padding                      0x08008e9f   Thumb Code    46  printfa.o(i._printf_pre_padding)
    i._sputc                                 0x08008ecc   Section        0  printfa.o(i._sputc)
    _sputc                                   0x08008ecd   Thumb Code    10  printfa.o(i._sputc)
    i.asin                                   0x08008ed8   Section        0  asin.o(i.asin)
    i.atan                                   0x08009158   Section        0  atan.o(i.atan)
    i.atan2                                  0x0800937c   Section        0  atan2.o(i.atan2)
    i.atof                                   0x080094fc   Section        0  atof.o(i.atof)
    i.sqrt                                   0x08009528   Section        0  sqrt.o(i.sqrt)
    .constdata                               0x08009572   Section       24  communicate.o(.constdata)
    .constdata                               0x0800958c   Section      158  inv_mpu.o(.constdata)
    .constdata                               0x0800962a   Section     3062  inv_mpu_dmp_motion_driver.o(.constdata)
    dmp_memory                               0x0800962a   Data        3062  inv_mpu_dmp_motion_driver.o(.constdata)
    .constdata                               0x0800a220   Section       80  asin.o(.constdata)
    pS                                       0x0800a220   Data          48  asin.o(.constdata)
    qS                                       0x0800a250   Data          32  asin.o(.constdata)
    .constdata                               0x0800a270   Section      152  atan.o(.constdata)
    atanhi                                   0x0800a270   Data          32  atan.o(.constdata)
    atanlo                                   0x0800a290   Data          32  atan.o(.constdata)
    aTodd                                    0x0800a2b0   Data          40  atan.o(.constdata)
    aTeven                                   0x0800a2d8   Data          48  atan.o(.constdata)
    .constdata                               0x0800a308   Section        8  qnan.o(.constdata)
    .constdata                               0x0800a310   Section       64  ctype_c.o(.constdata)
    .data                                    0x20000000   Section       20  stm32f10x_rcc.o(.data)
    APBAHBPrescTable                         0x20000000   Data          16  stm32f10x_rcc.o(.data)
    ADCPrescTable                            0x20000010   Data           4  stm32f10x_rcc.o(.data)
    .data                                    0x20000014   Section       20  system_stm32f10x.o(.data)
    .data                                    0x20000028   Section       10  main.o(.data)
    LED                                      0x2000002a   Data           1  main.o(.data)
    .data                                    0x20000032   Section        1  usart.o(.data)
    .data                                    0x20000034   Section        4  systick.o(.data)
    TimingDelay                              0x20000034   Data           4  systick.o(.data)
    .data                                    0x20000038   Section      116  upstandingcar.o(.data)
    .data                                    0x200000ac   Section       59  mpu6050.o(.data)
    gyro_orientation                         0x200000ac   Data           9  mpu6050.o(.data)
    .data                                    0x200000e8   Section       12  communicate.o(.data)
    .data                                    0x200000f4   Section       44  inv_mpu.o(.data)
    st                                       0x200000f4   Data          44  inv_mpu.o(.data)
    .data                                    0x20000120   Section        4  strtok.o(.data)
    state                                    0x20000120   Data           4  strtok.o(.data)
    .data                                    0x20000124   Section        4  errno.o(.data)
    _errno                                   0x20000124   Data           4  errno.o(.data)
    .bss                                     0x20000128   Section      256  usart.o(.bss)
    .bss                                     0x20000228   Section       10  systick.o(.bss)
    .bss                                     0x20000234   Section       16  mpu6050.o(.bss)
    .bss                                     0x20000244   Section      128  dataflash.o(.bss)
    FlashWBuffer                             0x20000244   Data         128  dataflash.o(.bss)
    .bss                                     0x200002c4   Section       16  inv_mpu_dmp_motion_driver.o(.bss)
    dmp                                      0x200002c4   Data          16  inv_mpu_dmp_motion_driver.o(.bss)
    STACK                                    0x200002d8   Section     1024  startup_stm32f10x_md.o(STACK)

    Global Symbols

    Symbol Name                              Value     Ov Type        Size  Object(Section)

    BuildAttributes$$THM_ISAv4$P$D$K$B$S$PE$A:L22UL41UL21$X:L11$S22US41US21$IEEE1$IW$USESV6$~STKCKD$USESV7$~SHL$OTIME$ROPI$IEEEX$EBA8$MICROLIB$REQ8$PRES8$EABIv2 0x00000000   Number         0  anon$$obj.o ABSOLUTE
    __ARM_use_no_argv                        0x00000000   Number         0  main.o ABSOLUTE
    _printf_a                                0x00000000   Number         0  stubs.o ABSOLUTE
    _printf_c                                0x00000000   Number         0  stubs.o ABSOLUTE
    _printf_charcount                        0x00000000   Number         0  stubs.o ABSOLUTE
    _printf_d                                0x00000000   Number         0  stubs.o ABSOLUTE
    _printf_e                                0x00000000   Number         0  stubs.o ABSOLUTE
    _printf_f                                0x00000000   Number         0  stubs.o ABSOLUTE
    _printf_flags                            0x00000000   Number         0  stubs.o ABSOLUTE
    _printf_fp_dec                           0x00000000   Number         0  stubs.o ABSOLUTE
    _printf_fp_hex                           0x00000000   Number         0  stubs.o ABSOLUTE
    _printf_g                                0x00000000   Number         0  stubs.o ABSOLUTE
    _printf_i                                0x00000000   Number         0  stubs.o ABSOLUTE
    _printf_int_dec                          0x00000000   Number         0  stubs.o ABSOLUTE
    _printf_l                                0x00000000   Number         0  stubs.o ABSOLUTE
    _printf_lc                               0x00000000   Number         0  stubs.o ABSOLUTE
    _printf_ll                               0x00000000   Number         0  stubs.o ABSOLUTE
    _printf_lld                              0x00000000   Number         0  stubs.o ABSOLUTE
    _printf_lli                              0x00000000   Number         0  stubs.o ABSOLUTE
    _printf_llo                              0x00000000   Number         0  stubs.o ABSOLUTE
    _printf_llu                              0x00000000   Number         0  stubs.o ABSOLUTE
    _printf_llx                              0x00000000   Number         0  stubs.o ABSOLUTE
    _printf_longlong_dec                     0x00000000   Number         0  stubs.o ABSOLUTE
    _printf_longlong_hex                     0x00000000   Number         0  stubs.o ABSOLUTE
    _printf_longlong_oct                     0x00000000   Number         0  stubs.o ABSOLUTE
    _printf_ls                               0x00000000   Number         0  stubs.o ABSOLUTE
    _printf_mbtowc                           0x00000000   Number         0  stubs.o ABSOLUTE
    _printf_n                                0x00000000   Number         0  stubs.o ABSOLUTE
    _printf_o                                0x00000000   Number         0  stubs.o ABSOLUTE
    _printf_p                                0x00000000   Number         0  stubs.o ABSOLUTE
    _printf_percent                          0x00000000   Number         0  stubs.o ABSOLUTE
    _printf_pre_padding                      0x00000000   Number         0  stubs.o ABSOLUTE
    _printf_return_value                     0x00000000   Number         0  stubs.o ABSOLUTE
    _printf_s                                0x00000000   Number         0  stubs.o ABSOLUTE
    _printf_sizespec                         0x00000000   Number         0  stubs.o ABSOLUTE
    _printf_str                              0x00000000   Number         0  stubs.o ABSOLUTE
    _printf_truncate_signed                  0x00000000   Number         0  stubs.o ABSOLUTE
    _printf_truncate_unsigned                0x00000000   Number         0  stubs.o ABSOLUTE
    _printf_u                                0x00000000   Number         0  stubs.o ABSOLUTE
    _printf_wc                               0x00000000   Number         0  stubs.o ABSOLUTE
    _printf_wctomb                           0x00000000   Number         0  stubs.o ABSOLUTE
    _printf_widthprec                        0x00000000   Number         0  stubs.o ABSOLUTE
    _printf_x                                0x00000000   Number         0  stubs.o ABSOLUTE
    __decompress                              - Undefined Weak Reference
    __Vectors_Size                           0x000000ec   Number         0  startup_stm32f10x_md.o ABSOLUTE
    __Vectors                                0x08000000   Data           4  startup_stm32f10x_md.o(RESET)
    __Vectors_End                            0x080000ec   Data           0  startup_stm32f10x_md.o(RESET)
    __main                                   0x080000ed   Thumb Code     0  entry.o(.ARM.Collect$$$$00000000)
    _main_stk                                0x080000ed   Thumb Code     0  entry2.o(.ARM.Collect$$$$00000001)
    _main_scatterload                        0x080000f1   Thumb Code     0  entry5.o(.ARM.Collect$$$$00000004)
    __main_after_scatterload                 0x080000f5   Thumb Code     0  entry5.o(.ARM.Collect$$$$00000004)
    _main_init                               0x080000f5   Thumb Code     0  entry7.o(.ARM.Collect$$$$00000007)
    NVIC_PriorityGroupConfig                 0x08000101   Thumb Code    10  misc.o(.text)
    NVIC_Init                                0x0800010b   Thumb Code   118  misc.o(.text)
    NVIC_SetVectorTable                      0x08000181   Thumb Code    12  misc.o(.text)
    NVIC_SystemLPConfig                      0x0800018d   Thumb Code    38  misc.o(.text)
    SysTick_CLKSourceConfig                  0x080001b3   Thumb Code    40  misc.o(.text)
    GPIO_DeInit                              0x080001f9   Thumb Code   172  stm32f10x_gpio.o(.text)
    GPIO_AFIODeInit                          0x080002a5   Thumb Code    20  stm32f10x_gpio.o(.text)
    GPIO_Init                                0x080002b9   Thumb Code   274  stm32f10x_gpio.o(.text)
    GPIO_StructInit                          0x080003cb   Thumb Code    16  stm32f10x_gpio.o(.text)
    GPIO_ReadInputDataBit                    0x080003db   Thumb Code    18  stm32f10x_gpio.o(.text)
    GPIO_ReadInputData                       0x080003ed   Thumb Code     8  stm32f10x_gpio.o(.text)
    GPIO_ReadOutputDataBit                   0x080003f5   Thumb Code    18  stm32f10x_gpio.o(.text)
    GPIO_ReadOutputData                      0x08000407   Thumb Code     8  stm32f10x_gpio.o(.text)
    GPIO_SetBits                             0x0800040f   Thumb Code     4  stm32f10x_gpio.o(.text)
    GPIO_ResetBits                           0x08000413   Thumb Code     4  stm32f10x_gpio.o(.text)
    GPIO_WriteBit                            0x08000417   Thumb Code    10  stm32f10x_gpio.o(.text)
    GPIO_Write                               0x08000421   Thumb Code     4  stm32f10x_gpio.o(.text)
    GPIO_PinLockConfig                       0x08000425   Thumb Code    18  stm32f10x_gpio.o(.text)
    GPIO_EventOutputConfig                   0x08000437   Thumb Code    26  stm32f10x_gpio.o(.text)
    GPIO_EventOutputCmd                      0x08000451   Thumb Code     6  stm32f10x_gpio.o(.text)
    GPIO_PinRemapConfig                      0x08000457   Thumb Code   138  stm32f10x_gpio.o(.text)
    GPIO_EXTILineConfig                      0x080004e1   Thumb Code    66  stm32f10x_gpio.o(.text)
    GPIO_ETH_MediaInterfaceConfig            0x08000523   Thumb Code     6  stm32f10x_gpio.o(.text)
    RCC_DeInit                               0x08000551   Thumb Code    64  stm32f10x_rcc.o(.text)
    RCC_HSEConfig                            0x08000591   Thumb Code    70  stm32f10x_rcc.o(.text)
    RCC_GetFlagStatus                        0x080005d7   Thumb Code    56  stm32f10x_rcc.o(.text)
    RCC_WaitForHSEStartUp                    0x0800060f   Thumb Code    48  stm32f10x_rcc.o(.text)
    RCC_AdjustHSICalibrationValue            0x0800063f   Thumb Code    20  stm32f10x_rcc.o(.text)
    RCC_HSICmd                               0x08000653   Thumb Code     6  stm32f10x_rcc.o(.text)
    RCC_PLLConfig                            0x08000659   Thumb Code    24  stm32f10x_rcc.o(.text)
    RCC_PLLCmd                               0x08000671   Thumb Code     6  stm32f10x_rcc.o(.text)
    RCC_SYSCLKConfig                         0x08000677   Thumb Code    18  stm32f10x_rcc.o(.text)
    RCC_GetSYSCLKSource                      0x08000689   Thumb Code    10  stm32f10x_rcc.o(.text)
    RCC_HCLKConfig                           0x08000693   Thumb Code    18  stm32f10x_rcc.o(.text)
    RCC_PCLK1Config                          0x080006a5   Thumb Code    18  stm32f10x_rcc.o(.text)
    RCC_PCLK2Config                          0x080006b7   Thumb Code    20  stm32f10x_rcc.o(.text)
    RCC_ITConfig                             0x080006cb   Thumb Code    30  stm32f10x_rcc.o(.text)
    RCC_USBCLKConfig                         0x080006e9   Thumb Code     6  stm32f10x_rcc.o(.text)
    RCC_ADCCLKConfig                         0x080006ef   Thumb Code    18  stm32f10x_rcc.o(.text)
    RCC_LSEConfig                            0x08000701   Thumb Code    44  stm32f10x_rcc.o(.text)
    RCC_LSICmd                               0x0800072d   Thumb Code     6  stm32f10x_rcc.o(.text)
    RCC_RTCCLKConfig                         0x08000733   Thumb Code    12  stm32f10x_rcc.o(.text)
    RCC_RTCCLKCmd                            0x0800073f   Thumb Code     6  stm32f10x_rcc.o(.text)
    RCC_GetClocksFreq                        0x08000745   Thumb Code   192  stm32f10x_rcc.o(.text)
    RCC_AHBPeriphClockCmd                    0x08000805   Thumb Code    26  stm32f10x_rcc.o(.text)
    RCC_APB2PeriphClockCmd                   0x0800081f   Thumb Code    26  stm32f10x_rcc.o(.text)
    RCC_APB1PeriphClockCmd                   0x08000839   Thumb Code    26  stm32f10x_rcc.o(.text)
    RCC_APB2PeriphResetCmd                   0x08000853   Thumb Code    26  stm32f10x_rcc.o(.text)
    RCC_APB1PeriphResetCmd                   0x0800086d   Thumb Code    26  stm32f10x_rcc.o(.text)
    RCC_BackupResetCmd                       0x08000887   Thumb Code     6  stm32f10x_rcc.o(.text)
    RCC_ClockSecuritySystemCmd               0x0800088d   Thumb Code     6  stm32f10x_rcc.o(.text)
    RCC_MCOConfig                            0x08000893   Thumb Code     6  stm32f10x_rcc.o(.text)
    RCC_ClearFlag                            0x08000899   Thumb Code    14  stm32f10x_rcc.o(.text)
    RCC_GetITStatus                          0x080008a7   Thumb Code    20  stm32f10x_rcc.o(.text)
    RCC_ClearITPendingBit                    0x080008bb   Thumb Code     6  stm32f10x_rcc.o(.text)
    TIM_DeInit                               0x080008f5   Thumb Code   424  stm32f10x_tim.o(.text)
    TIM_TimeBaseInit                         0x08000a9d   Thumb Code   122  stm32f10x_tim.o(.text)
    TIM_OC1Init                              0x08000b17   Thumb Code   132  stm32f10x_tim.o(.text)
    TIM_OC2Init                              0x08000b9b   Thumb Code   146  stm32f10x_tim.o(.text)
    TIM_OC3Init                              0x08000c2d   Thumb Code   142  stm32f10x_tim.o(.text)
    TIM_OC4Init                              0x08000cbb   Thumb Code   172  stm32f10x_tim.o(.text)
    TIM_SetIC4Prescaler                      0x08000d67   Thumb Code    22  stm32f10x_tim.o(.text)
    TIM_SetIC3Prescaler                      0x08000df3   Thumb Code    18  stm32f10x_tim.o(.text)
    TIM_SetIC2Prescaler                      0x08000e77   Thumb Code    22  stm32f10x_tim.o(.text)
    TIM_SetIC1Prescaler                      0x08000f03   Thumb Code    18  stm32f10x_tim.o(.text)
    TIM_ICInit                               0x08000f7f   Thumb Code   150  stm32f10x_tim.o(.text)
    TIM_PWMIConfig                           0x08001015   Thumb Code   124  stm32f10x_tim.o(.text)
    TIM_BDTRConfig                           0x08001091   Thumb Code    32  stm32f10x_tim.o(.text)
    TIM_TimeBaseStructInit                   0x080010b1   Thumb Code    18  stm32f10x_tim.o(.text)
    TIM_OCStructInit                         0x080010c3   Thumb Code    20  stm32f10x_tim.o(.text)
    TIM_ICStructInit                         0x080010d7   Thumb Code    18  stm32f10x_tim.o(.text)
    TIM_BDTRStructInit                       0x080010e9   Thumb Code    18  stm32f10x_tim.o(.text)
    TIM_Cmd                                  0x080010fb   Thumb Code    24  stm32f10x_tim.o(.text)
    TIM_CtrlPWMOutputs                       0x08001113   Thumb Code    52  stm32f10x_tim.o(.text)
    TIM_ITConfig                             0x08001147   Thumb Code    24  stm32f10x_tim.o(.text)
    TIM_GenerateEvent                        0x0800115f   Thumb Code     4  stm32f10x_tim.o(.text)
    TIM_DMAConfig                            0x08001163   Thumb Code    10  stm32f10x_tim.o(.text)
    TIM_DMACmd                               0x0800116d   Thumb Code    24  stm32f10x_tim.o(.text)
    TIM_InternalClockConfig                  0x08001185   Thumb Code    12  stm32f10x_tim.o(.text)
    TIM_SelectInputTrigger                   0x08001191   Thumb Code    18  stm32f10x_tim.o(.text)
    TIM_ITRxExternalClockConfig              0x080011a3   Thumb Code    24  stm32f10x_tim.o(.text)
    TIM_TIxExternalClockConfig               0x080011bb   Thumb Code    62  stm32f10x_tim.o(.text)
    TIM_ETRConfig                            0x080011f9   Thumb Code    24  stm32f10x_tim.o(.text)
    TIM_ETRClockMode1Config                  0x08001211   Thumb Code    54  stm32f10x_tim.o(.text)
    TIM_ETRClockMode2Config                  0x08001247   Thumb Code    32  stm32f10x_tim.o(.text)
    TIM_PrescalerConfig                      0x08001267   Thumb Code     6  stm32f10x_tim.o(.text)
    TIM_CounterModeConfig                    0x0800126d   Thumb Code    18  stm32f10x_tim.o(.text)
    TIM_EncoderInterfaceConfig               0x0800127f   Thumb Code    62  stm32f10x_tim.o(.text)
    TIM_ForcedOC1Config                      0x080012bd   Thumb Code    18  stm32f10x_tim.o(.text)
    TIM_ForcedOC2Config                      0x080012cf   Thumb Code    22  stm32f10x_tim.o(.text)
    TIM_ForcedOC3Config                      0x080012e5   Thumb Code    18  stm32f10x_tim.o(.text)
    TIM_ForcedOC4Config                      0x080012f7   Thumb Code    22  stm32f10x_tim.o(.text)
    TIM_ARRPreloadConfig                     0x0800130d   Thumb Code    24  stm32f10x_tim.o(.text)
    TIM_SelectCOM                            0x08001325   Thumb Code    24  stm32f10x_tim.o(.text)
    TIM_SelectCCDMA                          0x0800133d   Thumb Code    24  stm32f10x_tim.o(.text)
    TIM_CCPreloadControl                     0x08001355   Thumb Code    24  stm32f10x_tim.o(.text)
    TIM_OC1PreloadConfig                     0x0800136d   Thumb Code    18  stm32f10x_tim.o(.text)
    TIM_OC2PreloadConfig                     0x0800137f   Thumb Code    22  stm32f10x_tim.o(.text)
    TIM_OC3PreloadConfig                     0x08001395   Thumb Code    18  stm32f10x_tim.o(.text)
    TIM_OC4PreloadConfig                     0x080013a7   Thumb Code    22  stm32f10x_tim.o(.text)
    TIM_OC1FastConfig                        0x080013bd   Thumb Code    18  stm32f10x_tim.o(.text)
    TIM_OC2FastConfig                        0x080013cf   Thumb Code    22  stm32f10x_tim.o(.text)
    TIM_OC3FastConfig                        0x080013e5   Thumb Code    18  stm32f10x_tim.o(.text)
    TIM_OC4FastConfig                        0x080013f7   Thumb Code    22  stm32f10x_tim.o(.text)
    TIM_ClearOC1Ref                          0x0800140d   Thumb Code    18  stm32f10x_tim.o(.text)
    TIM_ClearOC2Ref                          0x0800141f   Thumb Code    20  stm32f10x_tim.o(.text)
    TIM_ClearOC3Ref                          0x08001433   Thumb Code    18  stm32f10x_tim.o(.text)
    TIM_ClearOC4Ref                          0x08001445   Thumb Code    20  stm32f10x_tim.o(.text)
    TIM_OC1PolarityConfig                    0x08001459   Thumb Code    18  stm32f10x_tim.o(.text)
    TIM_OC1NPolarityConfig                   0x0800146b   Thumb Code    18  stm32f10x_tim.o(.text)
    TIM_OC2PolarityConfig                    0x0800147d   Thumb Code    22  stm32f10x_tim.o(.text)
    TIM_OC2NPolarityConfig                   0x08001493   Thumb Code    22  stm32f10x_tim.o(.text)
    TIM_OC3PolarityConfig                    0x080014a9   Thumb Code    22  stm32f10x_tim.o(.text)
    TIM_OC3NPolarityConfig                   0x080014bf   Thumb Code    22  stm32f10x_tim.o(.text)
    TIM_OC4PolarityConfig                    0x080014d5   Thumb Code    22  stm32f10x_tim.o(.text)
    TIM_CCxCmd                               0x080014eb   Thumb Code    34  stm32f10x_tim.o(.text)
    TIM_CCxNCmd                              0x0800150d   Thumb Code    34  stm32f10x_tim.o(.text)
    TIM_SelectOCxM                           0x0800152f   Thumb Code    82  stm32f10x_tim.o(.text)
    TIM_UpdateDisableConfig                  0x08001581   Thumb Code    24  stm32f10x_tim.o(.text)
    TIM_UpdateRequestConfig                  0x08001599   Thumb Code    24  stm32f10x_tim.o(.text)
    TIM_SelectHallSensor                     0x080015b1   Thumb Code    24  stm32f10x_tim.o(.text)
    TIM_SelectOnePulseMode                   0x080015c9   Thumb Code    18  stm32f10x_tim.o(.text)
    TIM_SelectOutputTrigger                  0x080015db   Thumb Code    18  stm32f10x_tim.o(.text)
    TIM_SelectSlaveMode                      0x080015ed   Thumb Code    18  stm32f10x_tim.o(.text)
    TIM_SelectMasterSlaveMode                0x080015ff   Thumb Code    18  stm32f10x_tim.o(.text)
    TIM_SetCounter                           0x08001611   Thumb Code     4  stm32f10x_tim.o(.text)
    TIM_SetAutoreload                        0x08001615   Thumb Code     4  stm32f10x_tim.o(.text)
    TIM_SetCompare1                          0x08001619   Thumb Code     4  stm32f10x_tim.o(.text)
    TIM_SetCompare2                          0x0800161d   Thumb Code     4  stm32f10x_tim.o(.text)
    TIM_SetCompare3                          0x08001621   Thumb Code     4  stm32f10x_tim.o(.text)
    TIM_SetCompare4                          0x08001625   Thumb Code     6  stm32f10x_tim.o(.text)
    TIM_SetClockDivision                     0x0800162b   Thumb Code    18  stm32f10x_tim.o(.text)
    TIM_GetCapture1                          0x0800163d   Thumb Code     6  stm32f10x_tim.o(.text)
    TIM_GetCapture2                          0x08001643   Thumb Code     6  stm32f10x_tim.o(.text)
    TIM_GetCapture3                          0x08001649   Thumb Code     6  stm32f10x_tim.o(.text)
    TIM_GetCapture4                          0x0800164f   Thumb Code     8  stm32f10x_tim.o(.text)
    TIM_GetCounter                           0x08001657   Thumb Code     6  stm32f10x_tim.o(.text)
    TIM_GetPrescaler                         0x0800165d   Thumb Code     6  stm32f10x_tim.o(.text)
    TIM_GetFlagStatus                        0x08001663   Thumb Code    18  stm32f10x_tim.o(.text)
    TIM_ClearFlag                            0x08001675   Thumb Code     6  stm32f10x_tim.o(.text)
    TIM_GetITStatus                          0x0800167b   Thumb Code    34  stm32f10x_tim.o(.text)
    TIM_ClearITPendingBit                    0x0800169d   Thumb Code     6  stm32f10x_tim.o(.text)
    USART_DeInit                             0x080016a5   Thumb Code   134  stm32f10x_usart.o(.text)
    USART_Init                               0x0800172b   Thumb Code   210  stm32f10x_usart.o(.text)
    USART_StructInit                         0x080017fd   Thumb Code    24  stm32f10x_usart.o(.text)
    USART_ClockInit                          0x08001815   Thumb Code    34  stm32f10x_usart.o(.text)
    USART_ClockStructInit                    0x08001837   Thumb Code    12  stm32f10x_usart.o(.text)
    USART_Cmd                                0x08001843   Thumb Code    24  stm32f10x_usart.o(.text)
    USART_ITConfig                           0x0800185b   Thumb Code    74  stm32f10x_usart.o(.text)
    USART_DMACmd                             0x080018a5   Thumb Code    24  stm32f10x_usart.o(.text)
    USART_SetAddress                         0x080018bd   Thumb Code    18  stm32f10x_usart.o(.text)
    USART_WakeUpConfig                       0x080018cf   Thumb Code    18  stm32f10x_usart.o(.text)
    USART_ReceiverWakeUpCmd                  0x080018e1   Thumb Code    24  stm32f10x_usart.o(.text)
    USART_LINBreakDetectLengthConfig         0x080018f9   Thumb Code    18  stm32f10x_usart.o(.text)
    USART_LINCmd                             0x0800190b   Thumb Code    24  stm32f10x_usart.o(.text)
    USART_SendData                           0x08001923   Thumb Code     8  stm32f10x_usart.o(.text)
    USART_ReceiveData                        0x0800192b   Thumb Code    10  stm32f10x_usart.o(.text)
    USART_SendBreak                          0x08001935   Thumb Code    10  stm32f10x_usart.o(.text)
    USART_SetGuardTime                       0x0800193f   Thumb Code    16  stm32f10x_usart.o(.text)
    USART_SetPrescaler                       0x0800194f   Thumb Code    16  stm32f10x_usart.o(.text)
    USART_SmartCardCmd                       0x0800195f   Thumb Code    24  stm32f10x_usart.o(.text)
    USART_SmartCardNACKCmd                   0x08001977   Thumb Code    24  stm32f10x_usart.o(.text)
    USART_HalfDuplexCmd                      0x0800198f   Thumb Code    24  stm32f10x_usart.o(.text)
    USART_OverSampling8Cmd                   0x080019a7   Thumb Code    22  stm32f10x_usart.o(.text)
    USART_OneBitMethodCmd                    0x080019bd   Thumb Code    24  stm32f10x_usart.o(.text)
    USART_IrDAConfig                         0x080019d5   Thumb Code    18  stm32f10x_usart.o(.text)
    USART_IrDACmd                            0x080019e7   Thumb Code    24  stm32f10x_usart.o(.text)
    USART_GetFlagStatus                      0x080019ff   Thumb Code    26  stm32f10x_usart.o(.text)
    USART_ClearFlag                          0x08001a19   Thumb Code    18  stm32f10x_usart.o(.text)
    USART_GetITStatus                        0x08001a2b   Thumb Code    84  stm32f10x_usart.o(.text)
    USART_ClearITPendingBit                  0x08001a7f   Thumb Code    50  stm32f10x_usart.o(.text)
    ADC_DeInit                               0x08001ab1   Thumb Code    78  stm32f10x_adc.o(.text)
    ADC_Init                                 0x08001aff   Thumb Code    70  stm32f10x_adc.o(.text)
    ADC_StructInit                           0x08001b45   Thumb Code    18  stm32f10x_adc.o(.text)
    ADC_Cmd                                  0x08001b57   Thumb Code    22  stm32f10x_adc.o(.text)
    ADC_DMACmd                               0x08001b6d   Thumb Code    22  stm32f10x_adc.o(.text)
    ADC_ITConfig                             0x08001b83   Thumb Code    24  stm32f10x_adc.o(.text)
    ADC_ResetCalibration                     0x08001b9b   Thumb Code    10  stm32f10x_adc.o(.text)
    ADC_GetResetCalibrationStatus            0x08001ba5   Thumb Code    20  stm32f10x_adc.o(.text)
    ADC_StartCalibration                     0x08001bb9   Thumb Code    10  stm32f10x_adc.o(.text)
    ADC_GetCalibrationStatus                 0x08001bc3   Thumb Code    20  stm32f10x_adc.o(.text)
    ADC_SoftwareStartConvCmd                 0x08001bd7   Thumb Code    22  stm32f10x_adc.o(.text)
    ADC_GetSoftwareStartConvStatus           0x08001bed   Thumb Code    20  stm32f10x_adc.o(.text)
    ADC_DiscModeChannelCountConfig           0x08001c01   Thumb Code    24  stm32f10x_adc.o(.text)
    ADC_DiscModeCmd                          0x08001c19   Thumb Code    22  stm32f10x_adc.o(.text)
    ADC_RegularChannelConfig                 0x08001c2f   Thumb Code   184  stm32f10x_adc.o(.text)
    ADC_ExternalTrigConvCmd                  0x08001ce7   Thumb Code    22  stm32f10x_adc.o(.text)
    ADC_GetConversionValue                   0x08001cfd   Thumb Code     8  stm32f10x_adc.o(.text)
    ADC_GetDualModeConversionValue           0x08001d05   Thumb Code     6  stm32f10x_adc.o(.text)
    ADC_AutoInjectedConvCmd                  0x08001d0b   Thumb Code    22  stm32f10x_adc.o(.text)
    ADC_InjectedDiscModeCmd                  0x08001d21   Thumb Code    22  stm32f10x_adc.o(.text)
    ADC_ExternalTrigInjectedConvConfig       0x08001d37   Thumb Code    16  stm32f10x_adc.o(.text)
    ADC_ExternalTrigInjectedConvCmd          0x08001d47   Thumb Code    22  stm32f10x_adc.o(.text)
    ADC_SoftwareStartInjectedConvCmd         0x08001d5d   Thumb Code    22  stm32f10x_adc.o(.text)
    ADC_GetSoftwareStartInjectedConvCmdStatus 0x08001d73   Thumb Code    20  stm32f10x_adc.o(.text)
    ADC_InjectedChannelConfig                0x08001d87   Thumb Code   130  stm32f10x_adc.o(.text)
    ADC_InjectedSequencerLengthConfig        0x08001e09   Thumb Code    24  stm32f10x_adc.o(.text)
    ADC_SetInjectedOffset                    0x08001e21   Thumb Code    12  stm32f10x_adc.o(.text)
    ADC_GetInjectedConversionValue           0x08001e2d   Thumb Code    18  stm32f10x_adc.o(.text)
    ADC_AnalogWatchdogCmd                    0x08001e3f   Thumb Code    16  stm32f10x_adc.o(.text)
    ADC_AnalogWatchdogThresholdsConfig       0x08001e4f   Thumb Code     6  stm32f10x_adc.o(.text)
    ADC_AnalogWatchdogSingleChannelConfig    0x08001e55   Thumb Code    16  stm32f10x_adc.o(.text)
    ADC_TempSensorVrefintCmd                 0x08001e65   Thumb Code    34  stm32f10x_adc.o(.text)
    ADC_GetFlagStatus                        0x08001e87   Thumb Code    54  stm32f10x_adc.o(.text)
    ADC_ClearFlag                            0x08001ebd   Thumb Code     6  stm32f10x_adc.o(.text)
    ADC_GetITStatus                          0x08001ec3   Thumb Code    36  stm32f10x_adc.o(.text)
    ADC_ClearITPendingBit                    0x08001ee7   Thumb Code    10  stm32f10x_adc.o(.text)
    FLASH_SetLatency                         0x08001ef1   Thumb Code    18  stm32f10x_flash.o(.text)
    FLASH_HalfCycleAccessCmd                 0x08001f03   Thumb Code    22  stm32f10x_flash.o(.text)
    FLASH_PrefetchBufferCmd                  0x08001f19   Thumb Code    22  stm32f10x_flash.o(.text)
    FLASH_Unlock                             0x08001f2f   Thumb Code    12  stm32f10x_flash.o(.text)
    FLASH_UnlockBank1                        0x08001f3b   Thumb Code    12  stm32f10x_flash.o(.text)
    FLASH_Lock                               0x08001f47   Thumb Code    14  stm32f10x_flash.o(.text)
    FLASH_LockBank1                          0x08001f55   Thumb Code    14  stm32f10x_flash.o(.text)
    FLASH_GetBank1Status                     0x08001f63   Thumb Code    50  stm32f10x_flash.o(.text)
    FLASH_WaitForLastOperation               0x08001f95   Thumb Code    38  stm32f10x_flash.o(.text)
    FLASH_ErasePage                          0x08001fbb   Thumb Code    72  stm32f10x_flash.o(.text)
    FLASH_EraseAllPages                      0x08002003   Thumb Code    68  stm32f10x_flash.o(.text)
    FLASH_WaitForLastBank1Operation          0x08002047   Thumb Code    38  stm32f10x_flash.o(.text)
    FLASH_EraseAllBank1Pages                 0x0800206d   Thumb Code    68  stm32f10x_flash.o(.text)
    FLASH_GetReadOutProtectionStatus         0x080020b1   Thumb Code    20  stm32f10x_flash.o(.text)
    FLASH_EraseOptionBytes                   0x080020c5   Thumb Code   152  stm32f10x_flash.o(.text)
    FLASH_ProgramWord                        0x0800215d   Thumb Code    96  stm32f10x_flash.o(.text)
    FLASH_ProgramHalfWord                    0x080021bd   Thumb Code    60  stm32f10x_flash.o(.text)
    FLASH_ProgramOptionByteData              0x080021f9   Thumb Code    72  stm32f10x_flash.o(.text)
    FLASH_EnableWriteProtection              0x08002241   Thumb Code   208  stm32f10x_flash.o(.text)
    FLASH_ReadOutProtection                  0x08002311   Thumb Code   156  stm32f10x_flash.o(.text)
    FLASH_UserOptionByteConfig               0x080023ad   Thumb Code    88  stm32f10x_flash.o(.text)
    FLASH_GetUserOptionByte                  0x08002405   Thumb Code     8  stm32f10x_flash.o(.text)
    FLASH_GetWriteProtectionOptionByte       0x0800240d   Thumb Code     6  stm32f10x_flash.o(.text)
    FLASH_GetPrefetchBufferStatus            0x08002413   Thumb Code    20  stm32f10x_flash.o(.text)
    FLASH_ITConfig                           0x08002427   Thumb Code    26  stm32f10x_flash.o(.text)
    FLASH_GetFlagStatus                      0x08002441   Thumb Code    42  stm32f10x_flash.o(.text)
    FLASH_ClearFlag                          0x0800246b   Thumb Code     6  stm32f10x_flash.o(.text)
    FLASH_GetStatus                          0x08002471   Thumb Code    50  stm32f10x_flash.o(.text)
    SystemInit                               0x08002581   Thumb Code    78  system_stm32f10x.o(.text)
    SystemCoreClockUpdate                    0x080025cf   Thumb Code   142  system_stm32f10x.o(.text)
    SecTask                                  0x08002681   Thumb Code    88  main.o(.text)
    main                                     0x080026d9   Thumb Code   152  main.o(.text)
    NMI_Handler                              0x080027a5   Thumb Code     2  stm32f10x_it.o(.text)
    HardFault_Handler                        0x080027a7   Thumb Code     4  stm32f10x_it.o(.text)
    MemManage_Handler                        0x080027ab   Thumb Code     4  stm32f10x_it.o(.text)
    BusFault_Handler                         0x080027af   Thumb Code     4  stm32f10x_it.o(.text)
    UsageFault_Handler                       0x080027b3   Thumb Code     4  stm32f10x_it.o(.text)
    SVC_Handler                              0x080027b7   Thumb Code     2  stm32f10x_it.o(.text)
    DebugMon_Handler                         0x080027b9   Thumb Code     2  stm32f10x_it.o(.text)
    PendSV_Handler                           0x080027bb   Thumb Code     2  stm32f10x_it.o(.text)
    SysTick_Handler                          0x080027bd   Thumb Code   134  stm32f10x_it.o(.text)
    USART3_IRQHandler                        0x08002843   Thumb Code    64  stm32f10x_it.o(.text)
    LED_GPIO_Config                          0x0800289d   Thumb Code    58  led.o(.text)
    USART1_Config                            0x080028e1   Thumb Code   114  usart.o(.text)
    USART3_Config                            0x08002953   Thumb Code   148  usart.o(.text)
    NVIC_Configuration                       0x080029e7   Thumb Code    42  usart.o(.text)
    Uart1SendByte                            0x08002a11   Thumb Code    28  usart.o(.text)
    Uart1SendBuf                             0x08002a2d   Thumb Code    28  usart.o(.text)
    Uart1SendStr                             0x08002a49   Thumb Code    34  usart.o(.text)
    Uart3SendByte                            0x08002a6b   Thumb Code    28  usart.o(.text)
    Uart3SendBuf                             0x08002a87   Thumb Code    28  usart.o(.text)
    Uart3SendStr                             0x08002aa3   Thumb Code    34  usart.o(.text)
    MOTOR_GPIO_Config                        0x08002ad5   Thumb Code    50  motor.o(.text)
    TIM2_PWM_CHANGE                          0x08002bb5   Thumb Code    82  motor.o(.text)
    TIM2_PWM_Init                            0x08002c07   Thumb Code    12  motor.o(.text)
    TIM3_Encoder_Init                        0x08002c13   Thumb Code   134  motor.o(.text)
    TIM4_Encoder_Init                        0x08002c99   Thumb Code   134  motor.o(.text)
    TIM3_External_Clock_CountingMode         0x08002d1f   Thumb Code   110  motor.o(.text)
    TIM4_External_Clock_CountingMode         0x08002d8d   Thumb Code   110  motor.o(.text)
    SoftTimerCountDown                       0x08002e0d   Thumb Code    38  systick.o(.text)
    SysTick_Init                             0x08002e33   Thumb Code   104  systick.o(.text)
    Delay_us                                 0x08002e9b   Thumb Code    32  systick.o(.text)
    TimingDelay_Decrement                    0x08002ebb   Thumb Code    18  systick.o(.text)
    delay_nms                                0x08002ee1   Thumb Code    32  upstandingcar.o(.text)
    CarUpstandInit                           0x08002f01   Thumb Code    92  upstandingcar.o(.text)
    AngleControl                             0x08002f5d   Thumb Code    78  upstandingcar.o(.text)
    SetMotorVoltageAndDirection              0x08002fab   Thumb Code   200  upstandingcar.o(.text)
    MotorOutput                              0x08003073   Thumb Code   284  upstandingcar.o(.text)
    GetMotorPulse                            0x0800318f   Thumb Code   122  upstandingcar.o(.text)
    SpeedControl                             0x08003209   Thumb Code   420  upstandingcar.o(.text)
    SpeedControlOutput                       0x080033ad   Thumb Code    64  upstandingcar.o(.text)
    scale                                    0x080033ed   Thumb Code   150  upstandingcar.o(.text)
    steer                                    0x08003483   Thumb Code   334  upstandingcar.o(.text)
    MPU6050_Init                             0x0800361d   Thumb Code   208  mpu6050.o(.text)
    MPU6050_Pose                             0x080036ed   Thumb Code  1338  mpu6050.o(.text)
    i2cInit                                  0x08003e47   Thumb Code    42  i2c.o(.text)
    i2cWriteBuffer                           0x08003e71   Thumb Code   100  i2c.o(.text)
    i2cwrite                                 0x08003ed5   Thumb Code    38  i2c.o(.text)
    i2cRead                                  0x08003efb   Thumb Code   120  i2c.o(.text)
    i2cread                                  0x08003f73   Thumb Code    38  i2c.o(.text)
    i2cWrite                                 0x08003f99   Thumb Code    72  i2c.o(.text)
    i2cGetErrorCounter                       0x08003fe1   Thumb Code     4  i2c.o(.text)
    delay_us                                 0x08003ff5   Thumb Code    26  delay.o(.text)
    delay_ms                                 0x0800400f   Thumb Code    24  delay.o(.text)
    get_ms                                   0x08004027   Thumb Code     2  delay.o(.text)
    ADC_Config                               0x08004029   Thumb Code   148  adc.o(.text)
    GetBatVol                                0x080040bd   Thumb Code    54  adc.o(.text)
    ResponseIMU                              0x08004105   Thumb Code    90  communicate.o(.text)
    ResponsePID                              0x0800415f   Thumb Code   142  communicate.o(.text)
    ResponseInfo                             0x080041ed   Thumb Code    30  communicate.o(.text)
    ResponseStatus                           0x0800420b   Thumb Code    36  communicate.o(.text)
    Parse                                    0x0800422f   Thumb Code   690  communicate.o(.text)
    ProgramFlash                             0x080045ad   Thumb Code   108  dataflash.o(.text)
    ReadFlash                                0x08004619   Thumb Code    28  dataflash.o(.text)
    PIDRead                                  0x08004635   Thumb Code    84  dataflash.o(.text)
    PIDInit                                  0x08004689   Thumb Code    78  dataflash.o(.text)
    PIDWrite                                 0x080046d7   Thumb Code    54  dataflash.o(.text)
    PIDReset                                 0x0800470d   Thumb Code    54  dataflash.o(.text)
    GetUniqueID                              0x08004755   Thumb Code    24  common.o(.text)
    XOR_Get                                  0x0800476d   Thumb Code    28  common.o(.text)
    SetBlueToothName                         0x08004789   Thumb Code    46  common.o(.text)
    XOR_Check                                0x080047b7   Thumb Code    32  common.o(.text)
    Sum_Get                                  0x080047d7   Thumb Code    28  common.o(.text)
    Reset_Handler                            0x08004819   Thumb Code     8  startup_stm32f10x_md.o(.text)
    ADC1_2_IRQHandler                        0x08004833   Thumb Code     0  startup_stm32f10x_md.o(.text)
    CAN1_RX1_IRQHandler                      0x08004833   Thumb Code     0  startup_stm32f10x_md.o(.text)
    CAN1_SCE_IRQHandler                      0x08004833   Thumb Code     0  startup_stm32f10x_md.o(.text)
    DMA1_Channel1_IRQHandler                 0x08004833   Thumb Code     0  startup_stm32f10x_md.o(.text)
    DMA1_Channel2_IRQHandler                 0x08004833   Thumb Code     0  startup_stm32f10x_md.o(.text)
    DMA1_Channel3_IRQHandler                 0x08004833   Thumb Code     0  startup_stm32f10x_md.o(.text)
    DMA1_Channel4_IRQHandler                 0x08004833   Thumb Code     0  startup_stm32f10x_md.o(.text)
    DMA1_Channel5_IRQHandler                 0x08004833   Thumb Code     0  startup_stm32f10x_md.o(.text)
    DMA1_Channel6_IRQHandler                 0x08004833   Thumb Code     0  startup_stm32f10x_md.o(.text)
    DMA1_Channel7_IRQHandler                 0x08004833   Thumb Code     0  startup_stm32f10x_md.o(.text)
    EXTI0_IRQHandler                         0x08004833   Thumb Code     0  startup_stm32f10x_md.o(.text)
    EXTI15_10_IRQHandler                     0x08004833   Thumb Code     0  startup_stm32f10x_md.o(.text)
    EXTI1_IRQHandler                         0x08004833   Thumb Code     0  startup_stm32f10x_md.o(.text)
    EXTI2_IRQHandler                         0x08004833   Thumb Code     0  startup_stm32f10x_md.o(.text)
    EXTI3_IRQHandler                         0x08004833   Thumb Code     0  startup_stm32f10x_md.o(.text)
    EXTI4_IRQHandler                         0x08004833   Thumb Code     0  startup_stm32f10x_md.o(.text)
    EXTI9_5_IRQHandler                       0x08004833   Thumb Code     0  startup_stm32f10x_md.o(.text)
    FLASH_IRQHandler                         0x08004833   Thumb Code     0  startup_stm32f10x_md.o(.text)
    I2C1_ER_IRQHandler                       0x08004833   Thumb Code     0  startup_stm32f10x_md.o(.text)
    I2C1_EV_IRQHandler                       0x08004833   Thumb Code     0  startup_stm32f10x_md.o(.text)
    I2C2_ER_IRQHandler                       0x08004833   Thumb Code     0  startup_stm32f10x_md.o(.text)
    I2C2_EV_IRQHandler                       0x08004833   Thumb Code     0  startup_stm32f10x_md.o(.text)
    PVD_IRQHandler                           0x08004833   Thumb Code     0  startup_stm32f10x_md.o(.text)
    RCC_IRQHandler                           0x08004833   Thumb Code     0  startup_stm32f10x_md.o(.text)
    RTCAlarm_IRQHandler                      0x08004833   Thumb Code     0  startup_stm32f10x_md.o(.text)
    RTC_IRQHandler                           0x08004833   Thumb Code     0  startup_stm32f10x_md.o(.text)
    SPI1_IRQHandler                          0x08004833   Thumb Code     0  startup_stm32f10x_md.o(.text)
    SPI2_IRQHandler                          0x08004833   Thumb Code     0  startup_stm32f10x_md.o(.text)
    TAMPER_IRQHandler                        0x08004833   Thumb Code     0  startup_stm32f10x_md.o(.text)
    TIM1_BRK_IRQHandler                      0x08004833   Thumb Code     0  startup_stm32f10x_md.o(.text)
    TIM1_CC_IRQHandler                       0x08004833   Thumb Code     0  startup_stm32f10x_md.o(.text)
    TIM1_TRG_COM_IRQHandler                  0x08004833   Thumb Code     0  startup_stm32f10x_md.o(.text)
    TIM1_UP_IRQHandler                       0x08004833   Thumb Code     0  startup_stm32f10x_md.o(.text)
    TIM2_IRQHandler                          0x08004833   Thumb Code     0  startup_stm32f10x_md.o(.text)
    TIM3_IRQHandler                          0x08004833   Thumb Code     0  startup_stm32f10x_md.o(.text)
    TIM4_IRQHandler                          0x08004833   Thumb Code     0  startup_stm32f10x_md.o(.text)
    USART1_IRQHandler                        0x08004833   Thumb Code     0  startup_stm32f10x_md.o(.text)
    USART2_IRQHandler                        0x08004833   Thumb Code     0  startup_stm32f10x_md.o(.text)
    USBWakeUp_IRQHandler                     0x08004833   Thumb Code     0  startup_stm32f10x_md.o(.text)
    USB_HP_CAN1_TX_IRQHandler                0x08004833   Thumb Code     0  startup_stm32f10x_md.o(.text)
    USB_LP_CAN1_RX0_IRQHandler               0x08004833   Thumb Code     0  startup_stm32f10x_md.o(.text)
    WWDG_IRQHandler                          0x08004833   Thumb Code     0  startup_stm32f10x_md.o(.text)
    mpu_reg_dump                             0x080048c7   Thumb Code    72  inv_mpu.o(.text)
    mpu_read_reg                             0x0800490f   Thumb Code    66  inv_mpu.o(.text)
    mpu_set_int_latched                      0x08004951   Thumb Code   102  inv_mpu.o(.text)
    mpu_set_sensors                          0x080049b7   Thumb Code   202  inv_mpu.o(.text)
    mpu_set_bypass                           0x08004a81   Thumb Code   330  inv_mpu.o(.text)
    mpu_reset_fifo                           0x08004bcb   Thumb Code   454  inv_mpu.o(.text)
    mpu_configure_fifo                       0x08004d91   Thumb Code   106  inv_mpu.o(.text)
    mpu_set_lpf                              0x08004dfb   Thumb Code   126  inv_mpu.o(.text)
    mpu_lp_accel_mode                        0x08004e79   Thumb Code   218  inv_mpu.o(.text)
    mpu_set_sample_rate                      0x08004f53   Thumb Code   152  inv_mpu.o(.text)
    mpu_set_accel_fsr                        0x08004feb   Thumb Code   130  inv_mpu.o(.text)
    mpu_set_gyro_fsr                         0x0800506d   Thumb Code   132  inv_mpu.o(.text)
    mpu_init                                 0x080050f1   Thumb Code   420  inv_mpu.o(.text)
    mpu_get_gyro_reg                         0x08005295   Thumb Code   110  inv_mpu.o(.text)
    mpu_get_accel_reg                        0x08005303   Thumb Code   110  inv_mpu.o(.text)
    mpu_get_temperature                      0x08005371   Thumb Code   150  inv_mpu.o(.text)
    mpu_set_accel_bias                       0x08005407   Thumb Code   468  inv_mpu.o(.text)
    mpu_get_gyro_fsr                         0x080055db   Thumb Code    64  inv_mpu.o(.text)
    mpu_get_accel_fsr                        0x0800561b   Thumb Code    72  inv_mpu.o(.text)
    mpu_get_lpf                              0x08005663   Thumb Code    74  inv_mpu.o(.text)
    mpu_get_sample_rate                      0x080056ad   Thumb Code    26  inv_mpu.o(.text)
    mpu_get_compass_sample_rate              0x080056c7   Thumb Code    10  inv_mpu.o(.text)
    mpu_set_compass_sample_rate              0x080056d1   Thumb Code     8  inv_mpu.o(.text)
    mpu_get_gyro_sens                        0x080056d9   Thumb Code    58  inv_mpu.o(.text)
    mpu_get_accel_sens                       0x08005713   Thumb Code    78  inv_mpu.o(.text)
    mpu_get_fifo_config                      0x08005761   Thumb Code    12  inv_mpu.o(.text)
    mpu_get_power_state                      0x0800576d   Thumb Code    22  inv_mpu.o(.text)
    mpu_get_int_status                       0x08005783   Thumb Code    64  inv_mpu.o(.text)
    mpu_read_fifo                            0x080057c3   Thumb Code   526  inv_mpu.o(.text)
    mpu_read_fifo_stream                     0x080059d1   Thumb Code   186  inv_mpu.o(.text)
    mpu_set_int_level                        0x08005a8b   Thumb Code    12  inv_mpu.o(.text)
    mpu_set_dmp_state                        0x0800618d   Thumb Code   138  inv_mpu.o(.text)
    mpu_run_self_test                        0x08006217   Thumb Code   278  inv_mpu.o(.text)
    mpu_write_mem                            0x0800632d   Thumb Code   122  inv_mpu.o(.text)
    mpu_read_mem                             0x080063a7   Thumb Code   122  inv_mpu.o(.text)
    mpu_load_firmware                        0x08006421   Thumb Code   188  inv_mpu.o(.text)
    mpu_get_dmp_state                        0x080064dd   Thumb Code    14  inv_mpu.o(.text)
    mpu_get_compass_reg                      0x080064eb   Thumb Code     8  inv_mpu.o(.text)
    mpu_get_compass_fsr                      0x080064f3   Thumb Code     8  inv_mpu.o(.text)
    mpu_lp_motion_interrupt                  0x080064fb   Thumb Code   512  inv_mpu.o(.text)
    dmp_load_motion_driver_firmware          0x08006701   Thumb Code    20  inv_mpu_dmp_motion_driver.o(.text)
    dmp_set_orientation                      0x08006715   Thumb Code   290  inv_mpu_dmp_motion_driver.o(.text)
    dmp_set_gyro_bias                        0x08006837   Thumb Code   310  inv_mpu_dmp_motion_driver.o(.text)
    dmp_set_accel_bias                       0x0800696d   Thumb Code   328  inv_mpu_dmp_motion_driver.o(.text)
    dmp_set_fifo_rate                        0x08006ab5   Thumb Code   136  inv_mpu_dmp_motion_driver.o(.text)
    dmp_get_fifo_rate                        0x08006b3d   Thumb Code    12  inv_mpu_dmp_motion_driver.o(.text)
    dmp_set_tap_thresh                       0x08006b49   Thumb Code   396  inv_mpu_dmp_motion_driver.o(.text)
    dmp_set_tap_axes                         0x08006cd5   Thumb Code    70  inv_mpu_dmp_motion_driver.o(.text)
    dmp_set_tap_count                        0x08006d1b   Thumb Code    38  inv_mpu_dmp_motion_driver.o(.text)
    dmp_set_tap_time                         0x08006d41   Thumb Code    38  inv_mpu_dmp_motion_driver.o(.text)
    dmp_set_tap_time_multi                   0x08006d67   Thumb Code    38  inv_mpu_dmp_motion_driver.o(.text)
    dmp_set_shake_reject_thresh              0x08006d8d   Thumb Code    56  inv_mpu_dmp_motion_driver.o(.text)
    dmp_set_shake_reject_time                0x08006dc5   Thumb Code    38  inv_mpu_dmp_motion_driver.o(.text)
    dmp_set_shake_reject_timeout             0x08006deb   Thumb Code    38  inv_mpu_dmp_motion_driver.o(.text)
    dmp_get_pedometer_step_count             0x08006e11   Thumb Code    66  inv_mpu_dmp_motion_driver.o(.text)
    dmp_set_pedometer_step_count             0x08006e53   Thumb Code    42  inv_mpu_dmp_motion_driver.o(.text)
    dmp_get_pedometer_walk_time              0x08006e7d   Thumb Code    72  inv_mpu_dmp_motion_driver.o(.text)
    dmp_set_pedometer_walk_time              0x08006ec5   Thumb Code    48  inv_mpu_dmp_motion_driver.o(.text)
    dmp_enable_6x_lp_quat                    0x08006ef5   Thumb Code    84  inv_mpu_dmp_motion_driver.o(.text)
    dmp_enable_lp_quat                       0x08006f49   Thumb Code    60  inv_mpu_dmp_motion_driver.o(.text)
    dmp_enable_gyro_cal                      0x08006f85   Thumb Code    62  inv_mpu_dmp_motion_driver.o(.text)
    dmp_enable_feature                       0x08006fc3   Thumb Code   530  inv_mpu_dmp_motion_driver.o(.text)
    dmp_get_enabled_features                 0x080071d5   Thumb Code    12  inv_mpu_dmp_motion_driver.o(.text)
    dmp_set_interrupt_mode                   0x0800723f   Thumb Code    66  inv_mpu_dmp_motion_driver.o(.text)
    dmp_read_fifo                            0x08007281   Thumb Code   512  inv_mpu_dmp_motion_driver.o(.text)
    dmp_register_tap_cb                      0x08007481   Thumb Code    10  inv_mpu_dmp_motion_driver.o(.text)
    dmp_register_android_orient_cb           0x0800748b   Thumb Code    10  inv_mpu_dmp_motion_driver.o(.text)
    inv_orientation_matrix_to_scalar         0x080074e3   Thumb Code    40  inv_mpu_dmp_motion_driver.o(.text)
    run_self_test                            0x0800750b   Thumb Code   156  inv_mpu_dmp_motion_driver.o(.text)
    __aeabi_ldivmod                          0x080075f5   Thumb Code    90  ldiv.o(.text)
    __aeabi_llsl                             0x0800764f   Thumb Code    30  llshl.o(.text)
    _ll_shift_l                              0x0800764f   Thumb Code     0  llshl.o(.text)
    __aeabi_lasr                             0x0800766d   Thumb Code    36  llsshr.o(.text)
    _ll_sshift_r                             0x0800766d   Thumb Code     0  llsshr.o(.text)
    __aeabi_memset                           0x08007691   Thumb Code    14  memseta.o(.text)
    __aeabi_memset4                          0x08007691   Thumb Code     0  memseta.o(.text)
    __aeabi_memset8                          0x08007691   Thumb Code     0  memseta.o(.text)
    __aeabi_memclr                           0x0800769f   Thumb Code     4  memseta.o(.text)
    __aeabi_memclr4                          0x0800769f   Thumb Code     0  memseta.o(.text)
    __aeabi_memclr8                          0x0800769f   Thumb Code     0  memseta.o(.text)
    _memset$wrapper                          0x080076a3   Thumb Code    20  memseta.o(.text)
    strstr                                   0x080076b7   Thumb Code    44  strstr.o(.text)
    strlen                                   0x080076e3   Thumb Code    16  strlen.o(.text)
    memcmp                                   0x080076f3   Thumb Code    26  memcmp.o(.text)
    strtok                                   0x0800770d   Thumb Code    62  strtok.o(.text)
    __aeabi_fadd                             0x08007751   Thumb Code   164  fadd.o(.text)
    __aeabi_fsub                             0x080077f5   Thumb Code     6  fadd.o(.text)
    __aeabi_frsub                            0x080077fb   Thumb Code     6  fadd.o(.text)
    __aeabi_fmul                             0x08007801   Thumb Code   108  fmul.o(.text)
    __aeabi_fdiv                             0x0800786d   Thumb Code   128  fdiv.o(.text)
    __aeabi_dadd                             0x080078ed   Thumb Code   318  dadd.o(.text)
    __aeabi_dsub                             0x08007a2b   Thumb Code     6  dadd.o(.text)
    __aeabi_drsub                            0x08007a31   Thumb Code     6  dadd.o(.text)
    __aeabi_dmul                             0x08007a37   Thumb Code   226  dmul.o(.text)
    __aeabi_i2f                              0x08007b19   Thumb Code    18  fflti.o(.text)
    __aeabi_ui2f                             0x08007b2b   Thumb Code    10  ffltui.o(.text)
    __aeabi_i2d                              0x08007b35   Thumb Code    34  dflti.o(.text)
    __aeabi_ui2d                             0x08007b57   Thumb Code    26  dfltui.o(.text)
    __aeabi_f2iz                             0x08007b71   Thumb Code    50  ffixi.o(.text)
    __aeabi_f2uiz                            0x08007ba3   Thumb Code    40  ffixui.o(.text)
    __aeabi_d2uiz                            0x08007bcb   Thumb Code    46  dfixui.o(.text)
    __aeabi_f2d                              0x08007bf9   Thumb Code    44  f2d.o(.text)
    __aeabi_d2f                              0x08007c25   Thumb Code    56  d2f.o(.text)
    __aeabi_cfcmpeq                          0x08007c5d   Thumb Code     0  cfcmple.o(.text)
    __aeabi_cfcmple                          0x08007c5d   Thumb Code    20  cfcmple.o(.text)
    __aeabi_cfrcmple                         0x08007c71   Thumb Code    20  cfrcmple.o(.text)
    __aeabi_uidiv                            0x08007c85   Thumb Code     0  uidiv.o(.text)
    __aeabi_uidivmod                         0x08007c85   Thumb Code    44  uidiv.o(.text)
    __aeabi_uldivmod                         0x08007cb1   Thumb Code   102  uldiv.o(.text)
    __aeabi_llsr                             0x08007d17   Thumb Code    32  llushr.o(.text)
    _ll_ushift_r                             0x08007d17   Thumb Code     0  llushr.o(.text)
    __strtod_int                             0x08007d6f   Thumb Code    86  strtod.o(.text)
    __I$use$fp                               0x08007dd1   Thumb Code     0  iusefp.o(.text)
    _float_round                             0x08007dd1   Thumb Code    18  fepilogue.o(.text)
    _float_epilogue                          0x08007de3   Thumb Code    94  fepilogue.o(.text)
    _double_round                            0x08007e41   Thumb Code    26  depilogue.o(.text)
    _double_epilogue                         0x08007e5b   Thumb Code   168  depilogue.o(.text)
    __aeabi_ddiv                             0x08007f03   Thumb Code   222  ddiv.o(.text)
    __ARM_scalbn                             0x08007fe1   Thumb Code    46  dscalb.o(.text)
    scalbn                                   0x08007fe1   Thumb Code     0  dscalb.o(.text)
    __aeabi_d2ulz                            0x0800800f   Thumb Code    48  dfixul.o(.text)
    __aeabi_cdrcmple                         0x08008041   Thumb Code    38  cdrcmple.o(.text)
    __scatterload                            0x08008069   Thumb Code    28  init.o(.text)
    __scatterload_rt2                        0x08008069   Thumb Code     0  init.o(.text)
    isspace                                  0x0800808d   Thumb Code    10  isspace_c.o(.text)
    _scanf_real                              0x080081a9   Thumb Code     0  scanf_fp.o(.text)
    _scanf_really_real                       0x080081a9   Thumb Code   566  scanf_fp.o(.text)
    _sgetc                                   0x080083ed   Thumb Code    30  _sgetc.o(.text)
    _sbackspace                              0x0800840b   Thumb Code    34  _sgetc.o(.text)
    _dsqrt                                   0x0800842d   Thumb Code   160  dsqrt.o(.text)
    __ctype_lookup                           0x080084cd   Thumb Code    34  ctype_c.o(.text)
    __aeabi_ul2d                             0x080084f5   Thumb Code    24  dfltul.o(.text)
    __0sprintf                               0x0800850d   Thumb Code    34  printfa.o(i.__0sprintf)
    __1sprintf                               0x0800850d   Thumb Code     0  printfa.o(i.__0sprintf)
    __2sprintf                               0x0800850d   Thumb Code     0  printfa.o(i.__0sprintf)
    __c89sprintf                             0x0800850d   Thumb Code     0  printfa.o(i.__0sprintf)
    sprintf                                  0x0800850d   Thumb Code     0  printfa.o(i.__0sprintf)
    __ARM_fpclassify                         0x08008535   Thumb Code    40  fpclassify.o(i.__ARM_fpclassify)
    __kernel_poly                            0x0800855d   Thumb Code   170  poly.o(i.__kernel_poly)
    __mathlib_dbl_underflow                  0x08008609   Thumb Code    10  dunder.o(i.__mathlib_dbl_underflow)
    __read_errno                             0x08008619   Thumb Code     6  errno.o(i.__read_errno)
    __scatterload_copy                       0x08008625   Thumb Code    14  handlers.o(i.__scatterload_copy)
    __scatterload_null                       0x08008633   Thumb Code     2  handlers.o(i.__scatterload_null)
    __scatterload_zeroinit                   0x08008635   Thumb Code    14  handlers.o(i.__scatterload_zeroinit)
    __set_errno                              0x08008645   Thumb Code     6  errno.o(i.__set_errno)
    asin                                     0x08008ed9   Thumb Code   586  asin.o(i.asin)
    atan                                     0x08009159   Thumb Code   480  atan.o(i.atan)
    atan2                                    0x0800937d   Thumb Code   346  atan2.o(i.atan2)
    atof                                     0x080094fd   Thumb Code    44  atof.o(i.atof)
    sqrt                                     0x08009529   Thumb Code    74  sqrt.o(i.sqrt)
    FirmwareVer                              0x08009572   Data           5  communicate.o(.constdata)
    EEPROMVer                                0x08009577   Data           5  communicate.o(.constdata)
    MCUVer                                   0x0800957c   Data          14  communicate.o(.constdata)
    hw                                       0x0800958c   Data          12  inv_mpu.o(.constdata)
    reg                                      0x08009598   Data          27  inv_mpu.o(.constdata)
    test                                     0x080095b4   Data          40  inv_mpu.o(.constdata)
    __mathlib_zero                           0x0800a308   Data           8  qnan.o(.constdata)
    __ctype_categories                       0x0800a310   Data          64  ctype_c.o(.constdata)
    Region$$Table$$Base                      0x0800a350   Number         0  anon$$obj.o(Region$$Table)
    Region$$Table$$Limit                     0x0800a370   Number         0  anon$$obj.o(Region$$Table)
    SystemCoreClock                          0x20000014   Data           4  system_stm32f10x.o(.data)
    AHBPrescTable                            0x20000018   Data          16  system_stm32f10x.o(.data)
    RunTime                                  0x20000028   Data           2  main.o(.data)
    encoder_num1                             0x2000002c   Data           2  main.o(.data)
    encoder_num2                             0x2000002e   Data           2  main.o(.data)
    BatVol                                   0x20000030   Data           2  main.o(.data)
    Uart3Index                               0x20000032   Data           1  usart.o(.data)
    g_tCarAnglePID                           0x20000038   Data          12  upstandingcar.o(.data)
    g_tCarSpeedPID                           0x20000044   Data          12  upstandingcar.o(.data)
    g_u8LEDCount                             0x20000050   Data           1  upstandingcar.o(.data)
    g_u8MainEventCount                       0x20000051   Data           1  upstandingcar.o(.data)
    g_u8SpeedControlCount                    0x20000052   Data           1  upstandingcar.o(.data)
    g_u8SpeedControlPeriod                   0x20000053   Data           1  upstandingcar.o(.data)
    g_u8DirectionControlPeriod               0x20000054   Data           1  upstandingcar.o(.data)
    g_u8DirectionControlCount                0x20000055   Data           1  upstandingcar.o(.data)
    g_fSpeedControlOut                       0x20000058   Data           4  upstandingcar.o(.data)
    g_fSpeedControlOutOld                    0x2000005c   Data           4  upstandingcar.o(.data)
    g_fSpeedControlOutNew                    0x20000060   Data           4  upstandingcar.o(.data)
    g_fAngleControlOut                       0x20000064   Data           4  upstandingcar.o(.data)
    g_fLeftMotorOut                          0x20000068   Data           4  upstandingcar.o(.data)
    g_fRightMotorOut                         0x2000006c   Data           4  upstandingcar.o(.data)
    g_fCarAngle                              0x20000070   Data           4  upstandingcar.o(.data)
    g_s16LeftMotorPulse                      0x20000074   Data           2  upstandingcar.o(.data)
    g_s16RightMotorPulse                     0x20000076   Data           2  upstandingcar.o(.data)
    g_s32LeftMotorPulseOld                   0x20000078   Data           4  upstandingcar.o(.data)
    g_s32RightMotorPulseOld                  0x2000007c   Data           4  upstandingcar.o(.data)
    g_s32LeftMotorPulseSigma                 0x20000080   Data           4  upstandingcar.o(.data)
    g_s32RightMotorPulseSigma                0x20000084   Data           4  upstandingcar.o(.data)
    g_fCarSpeed                              0x20000088   Data           4  upstandingcar.o(.data)
    g_iCarSpeedSet                           0x2000008c   Data           4  upstandingcar.o(.data)
    g_fCarSpeedOld                           0x20000090   Data           4  upstandingcar.o(.data)
    g_fCarPosition                           0x20000094   Data           4  upstandingcar.o(.data)
    g_fBluetoothSpeed                        0x20000098   Data           4  upstandingcar.o(.data)
    g_fBluetoothDirection                    0x2000009c   Data           4  upstandingcar.o(.data)
    g_fBluetoothDirectionOld                 0x200000a0   Data           4  upstandingcar.o(.data)
    g_fBluetoothDirectionNew                 0x200000a4   Data           4  upstandingcar.o(.data)
    g_fBluetoothDirectionOut                 0x200000a8   Data           4  upstandingcar.o(.data)
    q0                                       0x200000b8   Data           4  mpu6050.o(.data)
    q1                                       0x200000bc   Data           4  mpu6050.o(.data)
    q2                                       0x200000c0   Data           4  mpu6050.o(.data)
    q3                                       0x200000c4   Data           4  mpu6050.o(.data)
    Pitch                                    0x200000c8   Data           4  mpu6050.o(.data)
    Roll                                     0x200000cc   Data           4  mpu6050.o(.data)
    Yaw                                      0x200000d0   Data           4  mpu6050.o(.data)
    sensor_timestamp                         0x200000d4   Data           4  mpu6050.o(.data)
    gyro                                     0x200000d8   Data           6  mpu6050.o(.data)
    accel                                    0x200000de   Data           6  mpu6050.o(.data)
    sensors                                  0x200000e4   Data           2  mpu6050.o(.data)
    more                                     0x200000e6   Data           1  mpu6050.o(.data)
    StatusFlag                               0x200000e8   Data           1  communicate.o(.data)
    sppData1                                 0x200000ec   Data           4  communicate.o(.data)
    sppData2                                 0x200000f0   Data           4  communicate.o(.data)
    Uart_Rx                                  0x20000128   Data         128  usart.o(.bss)
    Uart3Buffer                              0x200001a8   Data         128  usart.o(.bss)
    SoftTimer                                0x20000228   Data          10  systick.o(.bss)
    quat                                     0x20000234   Data          16  mpu6050.o(.bss)
    __initial_sp                             0x200006d8   Data           0  startup_stm32f10x_md.o(STACK)



==============================================================================

Memory Map of the image

  Image Entry point : 0x080000ed

  Load Region LR_IROM1 (Base: 0x08000000, Size: 0x0000a498, Max: 0x00010000, ABSOLUTE)

    Execution Region ER_IROM1 (Base: 0x08000000, Size: 0x0000a370, Max: 0x00010000, ABSOLUTE)

    Base Addr    Size         Type   Attr      Idx    E Section Name        Object

    0x08000000   0x000000ec   Data   RO           45    RESET               startup_stm32f10x_md.o
    0x080000ec   0x00000000   Code   RO           65  * .ARM.Collect$$$$00000000  mc_w.l(entry.o)(mc_w.l)
    0x080000ec   0x00000004   Code   RO          240    .ARM.Collect$$$$00000001  mc_w.l(entry2.o)(mc_w.l)
    0x080000f0   0x00000004   Code   RO          243    .ARM.Collect$$$$00000004  mc_w.l(entry5.o)(mc_w.l)
    0x080000f4   0x00000008   Code   RO          244    .ARM.Collect$$$$00000007  mc_w.l(entry7.o)(mc_w.l)
    0x080000fc   0x00000004   Code   RO          241    .ARM.Collect$$$$00002712  mc_w.l(entry2.o)(mc_w.l)
    0x08000100   0x000000f8   Code   RO            1    .text               misc.o
    0x080001f8   0x00000358   Code   RO            4    .text               stm32f10x_gpio.o
    0x08000550   0x000003a4   Code   RO            6    .text               stm32f10x_rcc.o
    0x080008f4   0x00000dae   Code   RO            8    .text               stm32f10x_tim.o
    0x080016a2   0x00000002   PAD
    0x080016a4   0x0000040c   Code   RO            9    .text               stm32f10x_usart.o
    0x08001ab0   0x00000440   Code   RO           10    .text               stm32f10x_adc.o
    0x08001ef0   0x000005c8   Code   RO           11    .text               stm32f10x_flash.o
    0x080024b8   0x000001c8   Code   RO           13    .text               system_stm32f10x.o
    0x08002680   0x00000124   Code   RO           15    .text               main.o
    0x080027a4   0x000000f8   Code   RO           17    .text               stm32f10x_it.o
    0x0800289c   0x00000044   Code   RO           18    .text               led.o
    0x080028e0   0x000001f4   Code   RO           19    .text               usart.o
    0x08002ad4   0x00000338   Code   RO           23    .text               motor.o
    0x08002e0c   0x000000d4   Code   RO           24    .text               systick.o
    0x08002ee0   0x0000073c   Code   RO           27    .text               upstandingcar.o
    0x0800361c   0x00000628   Code   RO           31    .text               mpu6050.o
    0x08003c44   0x000003b0   Code   RO           34    .text               i2c.o
    0x08003ff4   0x00000034   Code   RO           35    .text               delay.o
    0x08004028   0x000000dc   Code   RO           36    .text               adc.o
    0x08004104   0x000004a8   Code   RO           37    .text               communicate.o
    0x080045ac   0x000001a8   Code   RO           40    .text               dataflash.o
    0x08004754   0x000000c4   Code   RO           42    .text               common.o
    0x08004818   0x00000024   Code   RO           46    .text               startup_stm32f10x_md.o
    0x0800483c   0x00001ec4   Code   RO           47    .text               inv_mpu.o
    0x08006700   0x00000ef4   Code   RO           50    .text               inv_mpu_dmp_motion_driver.o
    0x080075f4   0x0000005a   Code   RO           68    .text               mc_w.l(ldiv.o)(mc_w.l)
    0x0800764e   0x0000001e   Code   RO           69    .text               mc_w.l(llshl.o)(mc_w.l)
    0x0800766c   0x00000024   Code   RO           70    .text               mc_w.l(llsshr.o)(mc_w.l)
    0x08007690   0x00000026   Code   RO           71    .text               mc_w.l(memseta.o)(mc_w.l)
    0x080076b6   0x0000002c   Code   RO           72    .text               mc_w.l(strstr.o)(mc_w.l)
    0x080076e2   0x00000010   Code   RO           73    .text               mc_w.l(strlen.o)(mc_w.l)
    0x080076f2   0x0000001a   Code   RO           74    .text               mc_w.l(memcmp.o)(mc_w.l)
    0x0800770c   0x00000044   Code   RO           75    .text               mc_w.l(strtok.o)(mc_w.l)
    0x08007750   0x000000b0   Code   RO          210    .text               mf_w.l(fadd.o)(mf_w.l)
    0x08007800   0x0000006c   Code   RO          211    .text               mf_w.l(fmul.o)(mf_w.l)
    0x0800786c   0x00000080   Code   RO          212    .text               mf_w.l(fdiv.o)(mf_w.l)
    0x080078ec   0x0000014a   Code   RO          213    .text               mf_w.l(dadd.o)(mf_w.l)
    0x08007a36   0x000000e2   Code   RO          214    .text               mf_w.l(dmul.o)(mf_w.l)
    0x08007b18   0x00000012   Code   RO          215    .text               mf_w.l(fflti.o)(mf_w.l)
    0x08007b2a   0x0000000a   Code   RO          216    .text               mf_w.l(ffltui.o)(mf_w.l)
    0x08007b34   0x00000022   Code   RO          217    .text               mf_w.l(dflti.o)(mf_w.l)
    0x08007b56   0x0000001a   Code   RO          218    .text               mf_w.l(dfltui.o)(mf_w.l)
    0x08007b70   0x00000032   Code   RO          219    .text               mf_w.l(ffixi.o)(mf_w.l)
    0x08007ba2   0x00000028   Code   RO          220    .text               mf_w.l(ffixui.o)(mf_w.l)
    0x08007bca   0x0000002e   Code   RO          221    .text               mf_w.l(dfixui.o)(mf_w.l)
    0x08007bf8   0x0000002c   Code   RO          222    .text               mf_w.l(f2d.o)(mf_w.l)
    0x08007c24   0x00000038   Code   RO          223    .text               mf_w.l(d2f.o)(mf_w.l)
    0x08007c5c   0x00000014   Code   RO          224    .text               mf_w.l(cfcmple.o)(mf_w.l)
    0x08007c70   0x00000014   Code   RO          225    .text               mf_w.l(cfrcmple.o)(mf_w.l)
    0x08007c84   0x0000002c   Code   RO          247    .text               mc_w.l(uidiv.o)(mc_w.l)
    0x08007cb0   0x00000066   Code   RO          248    .text               mc_w.l(uldiv.o)(mc_w.l)
    0x08007d16   0x00000020   Code   RO          249    .text               mc_w.l(llushr.o)(mc_w.l)
    0x08007d36   0x00000002   PAD
    0x08007d38   0x00000098   Code   RO          254    .text               mc_w.l(strtod.o)(mc_w.l)
    0x08007dd0   0x00000000   Code   RO          255    .text               mc_w.l(iusefp.o)(mc_w.l)
    0x08007dd0   0x00000070   Code   RO          256    .text               mf_w.l(fepilogue.o)(mf_w.l)
    0x08007e40   0x000000c2   Code   RO          257    .text               mf_w.l(depilogue.o)(mf_w.l)
    0x08007f02   0x000000de   Code   RO          258    .text               mf_w.l(ddiv.o)(mf_w.l)
    0x08007fe0   0x0000002e   Code   RO          259    .text               mf_w.l(dscalb.o)(mf_w.l)
    0x0800800e   0x00000030   Code   RO          260    .text               mf_w.l(dfixul.o)(mf_w.l)
    0x0800803e   0x00000002   PAD
    0x08008040   0x00000028   Code   RO          261    .text               mf_w.l(cdrcmple.o)(mf_w.l)
    0x08008068   0x00000024   Code   RO          262    .text               mc_w.l(init.o)(mc_w.l)
    0x0800808c   0x0000000a   Code   RO          263    .text               mc_w.l(isspace_c.o)(mc_w.l)
    0x08008096   0x00000002   PAD
    0x08008098   0x00000354   Code   RO          264    .text               mc_w.l(scanf_fp.o)(mc_w.l)
    0x080083ec   0x00000040   Code   RO          265    .text               mc_w.l(_sgetc.o)(mc_w.l)
    0x0800842c   0x000000a0   Code   RO          267    .text               mf_w.l(dsqrt.o)(mf_w.l)
    0x080084cc   0x00000028   Code   RO          269    .text               mc_w.l(ctype_c.o)(mc_w.l)
    0x080084f4   0x00000018   Code   RO          271    .text               mf_w.l(dfltul.o)(mf_w.l)
    0x0800850c   0x00000028   Code   RO          198    i.__0sprintf        mc_w.l(printfa.o)(mc_w.l)
    0x08008534   0x00000028   Code   RO          233    i.__ARM_fpclassify  m_ws.l(fpclassify.o)(m_ws.l)
    0x0800855c   0x000000aa   Code   RO          234    i.__kernel_poly     m_ws.l(poly.o)(m_ws.l)
    0x08008606   0x00000002   PAD
    0x08008608   0x00000010   Code   RO          232    i.__mathlib_dbl_underflow  m_ws.l(dunder.o)(m_ws.l)
    0x08008618   0x0000000c   Code   RO          251    i.__read_errno      mc_w.l(errno.o)(mc_w.l)
    0x08008624   0x0000000e   Code   RO          274    i.__scatterload_copy  mc_w.l(handlers.o)(mc_w.l)
    0x08008632   0x00000002   Code   RO          275    i.__scatterload_null  mc_w.l(handlers.o)(mc_w.l)
    0x08008634   0x0000000e   Code   RO          276    i.__scatterload_zeroinit  mc_w.l(handlers.o)(mc_w.l)
    0x08008642   0x00000002   PAD
    0x08008644   0x0000000c   Code   RO          252    i.__set_errno       mc_w.l(errno.o)(mc_w.l)
    0x08008650   0x00000154   Code   RO          203    i._fp_digits        mc_w.l(printfa.o)(mc_w.l)
    0x080087a4   0x000006d4   Code   RO          204    i._printf_core      mc_w.l(printfa.o)(mc_w.l)
    0x08008e78   0x00000026   Code   RO          205    i._printf_post_padding  mc_w.l(printfa.o)(mc_w.l)
    0x08008e9e   0x0000002e   Code   RO          206    i._printf_pre_padding  mc_w.l(printfa.o)(mc_w.l)
    0x08008ecc   0x0000000a   Code   RO          208    i._sputc            mc_w.l(printfa.o)(mc_w.l)
    0x08008ed6   0x00000002   PAD
    0x08008ed8   0x00000280   Code   RO           54    i.asin              m_ws.l(asin.o)(m_ws.l)
    0x08009158   0x00000224   Code   RO          227    i.atan              m_ws.l(atan.o)(m_ws.l)
    0x0800937c   0x00000180   Code   RO           60    i.atan2             m_ws.l(atan2.o)(m_ws.l)
    0x080094fc   0x0000002c   Code   RO           64    i.atof              m_ws.l(atof.o)(m_ws.l)
    0x08009528   0x0000004a   Code   RO          237    i.sqrt              m_ws.l(sqrt.o)(m_ws.l)
    0x08009572   0x00000018   Data   RO           38    .constdata          communicate.o
    0x0800958a   0x00000002   PAD
    0x0800958c   0x0000009e   Data   RO           48    .constdata          inv_mpu.o
    0x0800962a   0x00000bf6   Data   RO           52    .constdata          inv_mpu_dmp_motion_driver.o
    0x0800a220   0x00000050   Data   RO           55    .constdata          m_ws.l(asin.o)(m_ws.l)
    0x0800a270   0x00000098   Data   RO          228    .constdata          m_ws.l(atan.o)(m_ws.l)
    0x0800a308   0x00000008   Data   RO          235    .constdata          m_ws.l(qnan.o)(m_ws.l)
    0x0800a310   0x00000040   Data   RO          270    .constdata          mc_w.l(ctype_c.o)(mc_w.l)
    0x0800a350   0x00000020   Data   RO          272    Region$$Table       anon$$obj.o


    Execution Region RW_IRAM1 (Base: 0x20000000, Size: 0x000006d8, Max: 0x00005000, ABSOLUTE)

    Base Addr    Size         Type   Attr      Idx    E Section Name        Object

    0x20000000   0x00000014   Data   RW            7    .data               stm32f10x_rcc.o
    0x20000014   0x00000014   Data   RW           14    .data               system_stm32f10x.o
    0x20000028   0x0000000a   Data   RW           16    .data               main.o
    0x20000032   0x00000001   Data   RW           21    .data               usart.o
    0x20000033   0x00000001   PAD
    0x20000034   0x00000004   Data   RW           26    .data               systick.o
    0x20000038   0x00000074   Data   RW           28    .data               upstandingcar.o
    0x200000ac   0x0000003b   Data   RW           33    .data               mpu6050.o
    0x200000e7   0x00000001   PAD
    0x200000e8   0x0000000c   Data   RW           39    .data               communicate.o
    0x200000f4   0x0000002c   Data   RW           49    .data               inv_mpu.o
    0x20000120   0x00000004   Data   RW           76    .data               mc_w.l(strtok.o)(mc_w.l)
    0x20000124   0x00000004   Data   RW          253    .data               mc_w.l(errno.o)(mc_w.l)
    0x20000128   0x00000100   Zero   RW           20    .bss                usart.o
    0x20000228   0x0000000a   Zero   RW           25    .bss                systick.o
    0x20000232   0x00000002   PAD
    0x20000234   0x00000010   Zero   RW           32    .bss                mpu6050.o
    0x20000244   0x00000080   Zero   RW           41    .bss                dataflash.o
    0x200002c4   0x00000010   Zero   RW           51    .bss                inv_mpu_dmp_motion_driver.o
    0x200002d4   0x00000004   PAD
    0x200002d8   0x00000400   Zero   RW           43    STACK               startup_stm32f10x_md.o


==============================================================================

Image component sizes


      Code (inc. data)   RO Data    RW Data    ZI Data      Debug   Object Name

       220         18          0          0          0          0   adc.o
       196         38          0          0          0          0   common.o
      1192        204         24         12          0          0   communicate.o
       424         18          0          0        128          0   dataflash.o
        52          0          0          0          0          0   delay.o
       944         16          0          0          0          0   i2c.o
      7876        166        158         44          0          0   inv_mpu.o
      3828        198       3062          0         16          0   inv_mpu_dmp_motion_driver.o
        68         10          0          0          0          0   led.o
       292         52          0         10          0          0   main.o
       248         30          0          0          0          0   misc.o
       824         18          0          0          0          0   motor.o
      1576        800          0         59         16          0   mpu6050.o
        36          8        236          0       1024          0   startup_stm32f10x_md.o
      1088         36          0          0          0          0   stm32f10x_adc.o
      1480         52          0          0          0          0   stm32f10x_flash.o
       856         40          0          0          0          0   stm32f10x_gpio.o
       248         26          0          0          0          0   stm32f10x_it.o
       932         52          0         20          0          0   stm32f10x_rcc.o
      3502         86          0          0          0          0   stm32f10x_tim.o
      1036         20          0          0          0          0   stm32f10x_usart.o
       456         36          0         20          0          0   system_stm32f10x.o
       212         20          0          4         10          0   systick.o
      1852        236          0        116          0          0   upstandingcar.o
       500         16          0          1        256          0   usart.o

    ----------------------------------------------------------------------
     29940       2196       3514        288       1456          0   Object Totals
         0          0         32          0          0          0   (incl. Generated)
         2          0          2          2          6          0   (incl. Padding)

    ----------------------------------------------------------------------

      Code (inc. data)   RO Data    RW Data    ZI Data      Debug   Library Member Name

       640         54         80          0          0          0   asin.o
       548         68        152          0          0          0   atan.o
       384         38          0          0          0          0   atan2.o
        44          0          0          0          0          0   atof.o
        16          6          0          0          0          0   dunder.o
        40          0          0          0          0          0   fpclassify.o
       170          0          0          0          0          0   poly.o
         0          0          8          0          0          0   qnan.o
        74          0          0          0          0          0   sqrt.o
        64          0          0          0          0          0   _sgetc.o
        40          6         64          0          0          0   ctype_c.o
         0          0          0          0          0          0   entry.o
         8          4          0          0          0          0   entry2.o
         4          0          0          0          0          0   entry5.o
         8          4          0          0          0          0   entry7.o
        24         12          0          4          0          0   errno.o
        30          0          0          0          0          0   handlers.o
        36          8          0          0          0          0   init.o
        10          0          0          0          0          0   isspace_c.o
         0          0          0          0          0          0   iusefp.o
        90          0          0          0          0          0   ldiv.o
        30          0          0          0          0          0   llshl.o
        36          0          0          0          0          0   llsshr.o
        32          0          0          0          0          0   llushr.o
        26          0          0          0          0          0   memcmp.o
        38          0          0          0          0          0   memseta.o
      2222         88          0          0          0          0   printfa.o
       852         14          0          0          0          0   scanf_fp.o
        16          0          0          0          0          0   strlen.o
        44          0          0          0          0          0   strstr.o
       152         12          0          0          0          0   strtod.o
        68          6          0          4          0          0   strtok.o
        44          0          0          0          0          0   uidiv.o
       102          0          0          0          0          0   uldiv.o
        40          2          0          0          0          0   cdrcmple.o
        20          0          0          0          0          0   cfcmple.o
        20          0          0          0          0          0   cfrcmple.o
        56          0          0          0          0          0   d2f.o
       330          0          0          0          0          0   dadd.o
       222          0          0          0          0          0   ddiv.o
       194          0          0          0          0          0   depilogue.o
        46          0          0          0          0          0   dfixui.o
        48          0          0          0          0          0   dfixul.o
        34          0          0          0          0          0   dflti.o
        26          0          0          0          0          0   dfltui.o
        24          0          0          0          0          0   dfltul.o
       226          0          0          0          0          0   dmul.o
        46          0          0          0          0          0   dscalb.o
       160          0          0          0          0          0   dsqrt.o
        44          0          0          0          0          0   f2d.o
       176          0          0          0          0          0   fadd.o
       128          0          0          0          0          0   fdiv.o
       112          0          0          0          0          0   fepilogue.o
        50          0          0          0          0          0   ffixi.o
        40          0          0          0          0          0   ffixui.o
        18          0          0          0          0          0   fflti.o
        10          0          0          0          0          0   ffltui.o
       108          0          0          0          0          0   fmul.o

    ----------------------------------------------------------------------
      8082        322        304          8          0          0   Library Totals
        12          0          0          0          0          0   (incl. Padding)

    ----------------------------------------------------------------------

      Code (inc. data)   RO Data    RW Data    ZI Data      Debug   Library Name

      1916        166        240          0          0          0   m_ws.l
      3976        154         64          8          0          0   mc_w.l
      2178          2          0          0          0          0   mf_w.l

    ----------------------------------------------------------------------
      8082        322        304          8          0          0   Library Totals

    ----------------------------------------------------------------------

==============================================================================


      Code (inc. data)   RO Data    RW Data    ZI Data      Debug   

     38022       2518       3818        296       1456          0   Grand Totals
     38022       2518       3818        296       1456          0   ELF Image Totals
     38022       2518       3818        296          0          0   ROM Totals

==============================================================================

    Total RO  Size (Code + RO Data)                41840 (  40.86kB)
    Total RW  Size (RW Data + ZI Data)              1752 (   1.71kB)
    Total ROM Size (Code + RO Data + RW Data)      42136 (  41.15kB)

==============================================================================

